// 重构日志: 741fa2f8
// 重构日志: 9ba28e58
// 同步 ID: f901d4da @ Sat Aug  1 08:18:37 UTC 2026
// 同步 ID: 8d5d8e36 @ Sat Aug  1 16:56:41 UTC 2026
// 同步 ID: 36a46fc1 @ Sat Aug  1 22:25:13 UTC 2026
// 同步 ID: 24420975 @ Sun Aug  2 05:32:47 UTC 2026
// 重构日志: 29630b28
// 重构日志: 9f502dd2
// 重构日志: cf5224ea
// 重构日志: f0fcade0
// 重构日志: b1fdf172
// 同步 ID: 6f0074c8 @ Tue Aug  4 04:54:36 UTC 2026
// 同步 ID: 3cf25357 @ Tue Aug  4 15:55:35 UTC 2026
// 重构日志: 89e77c1f
// 重构日志: 2076cd33
// 重构日志: ea243fda
// 同步 ID: 75d57b50 @ Thu Aug  6 00:32:02 UTC 2026
// 重构日志: ddf5839e
// 同步 ID: 5c0b04d6 @ Thu Aug  6 05:46:54 UTC 2026
// 同步 ID: 4b097d95 @ Thu Aug  6 22:53:59 UTC 2026
// 重构日志: 6cd4df67
// 同步 ID: 2e84a719 @ Fri Aug  7 08:38:55 UTC 2026
// 重构日志: aca4b82a
// 重构日志: 828db1f7
// 同步 ID: fd1d77ee @ Sat Aug  8 05:47:11 UTC 2026
// 重构日志: ee8b5c9d
// 重构日志: 2cd97e99
// 重构日志: 27f739cb
// 重构日志: 75175256
// 同步 ID: e6af503f @ Sat Aug  8 15:47:26 UTC 2026
